node.exe : npm verbose cli C:\Program Files\nodejs\node.exe 
C:\Users\murad\AppData\Roaming\npm\node_modules\npm\bin\npm-cli.js
At C:\Program Files\nodejs\npm.ps1:29 char:3
+   & $NODE_EXE $NPM_CLI_JS $args
+   ~~~~~~~~~~~~~~~~~~~~~~~~~~~~~
    + CategoryInfo          : NotSpecified: (npm verbose cli...\bin\npm-cli.js 
   :String) [], RemoteException
    + FullyQualifiedErrorId : NativeCommandError
 
npm info using npm@11.4.2
npm info using node@v22.14.0
npm verbose title npm test
npm verbose argv "test" "--loglevel" "verbose"
npm verbose logfile logs-max:10 
dir:C:\Users\murad\AppData\Local\npm-cache\_logs\2025-10-21T18_59_15_585Z-
npm verbose logfile C:\Users\murad\AppData\Local\npm-cache\_logs\2025-10-21T18_
59_15_585Z-debug-0.log

> messageai@1.0.0 test
> jest

PASS __tests__/services/firebase/MessageService.test.ts
FAIL __tests__/services/firebase/PresenceService.test.ts
  ΓùÅ PresenceService ΓÇ║ subscribeToTyping ΓÇ║ should filter out current user 
from typing list

    TypeError: onError is not a function

    [0m [90m 125 |[39m           onUpdate(typingUsers)[33m;[39m
     [90m 126 |[39m         } [36mcatch[39m (error) {
    [31m[1m>[22m[39m[90m 127 |[39m           onError(error [36mas[39m 
[33mError[39m)[33m;[39m
     [90m     |[39m           [31m[1m^[22m[39m
     [90m 128 |[39m         }
     [90m 129 |[39m       }[33m,[39m
     [90m 130 |[39m       (error) [33m=>[39m {[0m

      at onError (src/services/firebase/PresenceService.ts:127:11)
      at Object.snapshotCallback 
(__tests__/services/firebase/PresenceService.test.ts:230:7)

PASS __tests__/store/ContactStore.test.ts
PASS __tests__/services/firebase/StorageService.test.ts
  ΓùÅ Console

    console.log
      Original image size: 5.00 MB

      at Function.log (src/services/firebase/StorageService.ts:197:15)

    console.log
      Compressed image size: 5.00 MB

      at Function.log (src/services/firebase/StorageService.ts:202:15)

    console.log
      Original image size: 15.00 MB

      at Function.log (src/services/firebase/StorageService.ts:197:15)

PASS __tests__/services/firebase/ChatService.test.ts
FAIL __tests__/store/AuthStore.test.ts
  ΓùÅ Console

    console.log
      Γ£à Sign up successful

      at log (src/store/AuthStore.ts:111:15)

    console.log
      Γä╣∩╕Å  No profile found for user

      at Object.log (src/store/AuthStore.ts:277:17)

    console.log
      Γ£à Sign in successful

      at log (src/store/AuthStore.ts:142:15)

    console.log
      Γä╣∩╕Å  No profile found for user

      at Object.log (src/store/AuthStore.ts:277:17)

    console.log
      Γ£à Sign out successful

      at log (src/store/AuthStore.ts:193:15)

    console.log
      Γä╣∩╕Å  No profile found for user

      at log (src/store/AuthStore.ts:277:17)

    console.log
      Γä╣∩╕Å  No profile found for user

      at log (src/store/AuthStore.ts:277:17)

  ΓùÅ AuthStore ΓÇ║ signIn ΓÇ║ should successfully sign in existing user

    expect(received).toEqual(expected) // deep equality

    Expected: {"displayName": "Test User", "email": "test@example.com", "id": 
"test-uid-123", "username": "testuser"}
    Received: null

    [0m [90m 112 |[39m       [36mconst[39m state [33m=[39m 
useAuthStore[33m.[39mgetState()[33m;[39m
     [90m 113 |[39m       expect(state[33m.[39mfirebaseUser)[33m.[39mtoEq
ual(mockFirebaseUser)[33m;[39m
    [31m[1m>[22m[39m[90m 114 |[39m       
expect(state[33m.[39muser)[33m.[39mtoEqual(mockUserProfile)[33m;[39m
     [90m     |[39m                          [31m[1m^[22m[39m
     [90m 115 |[39m       expect(state[33m.[39misAuthenticated)[33m.[39mt
oBe([36mtrue[39m)[33m;[39m
     [90m 116 |[39m       
expect(state[33m.[39misLoading)[33m.[39mtoBe([36mfalse[39m)[33m;[39m
     [90m 117 |[39m     })[33m;[39m[0m

      at Object.toEqual (__tests__/store/AuthStore.test.ts:114:26)
      at asyncGeneratorStep 
(node_modules/@babel/runtime/helpers/asyncToGenerator.js:3:17)
      at _next (node_modules/@babel/runtime/helpers/asyncToGenerator.js:17:9)

  ΓùÅ AuthStore ΓÇ║ loadUserProfile ΓÇ║ should load user profile from Firestore

    expect(received).toEqual(expected) // deep equality

    Expected: {"displayName": "Test User", "email": "test@example.com", "id": 
"user-123", "username": "testuser"}
    Received: null

    [0m [90m 170 |[39m
     [90m 171 |[39m       [36mconst[39m state [33m=[39m 
useAuthStore[33m.[39mgetState()[33m;[39m
    [31m[1m>[22m[39m[90m 172 |[39m       
expect(state[33m.[39muser)[33m.[39mtoEqual(mockProfile)[33m;[39m
     [90m     |[39m                          [31m[1m^[22m[39m
     [90m 173 |[39m     })[33m;[39m
     [90m 174 |[39m
     [90m 175 |[39m     it([32m'should set user to null if profile not 
found'[39m[33m,[39m [36masync[39m () [33m=>[39m {[0m

      at Object.toEqual (__tests__/store/AuthStore.test.ts:172:26)
      at asyncGeneratorStep 
(node_modules/@babel/runtime/helpers/asyncToGenerator.js:3:17)
      at _next (node_modules/@babel/runtime/helpers/asyncToGenerator.js:17:9)

  ΓùÅ AuthStore ΓÇ║ updateUserProfile ΓÇ║ should update user profile

    TypeError: _SQLiteService.SQLiteService.saveUser is not a function

    [0m [90m 302 |[39m       
     [90m 303 |[39m       [90m// Update SQLite[39m
    [31m[1m>[22m[39m[90m 304 |[39m       [36mawait[39m 
[33mSQLiteService[39m[33m.[39msaveUser({
     [90m     |[39m                           [31m[1m^[22m[39m
     [90m 305 |[39m         id[33m:[39m updatedUser[33m.[39mid[33m,[39m
     [90m 306 |[39m         username[33m:[39m 
updatedUser[33m.[39musername[33m,[39m
     [90m 307 |[39m         displayName[33m:[39m 
updatedUser[33m.[39mdisplayName[33m,[39m[0m

      at saveUser (src/store/AuthStore.ts:304:27)
      at asyncGeneratorStep 
(node_modules/@babel/runtime/helpers/asyncToGenerator.js:3:17)
      at _next (node_modules/@babel/runtime/helpers/asyncToGenerator.js:17:9)

FAIL __tests__/services/firebase/AuthService.test.ts
  ΓùÅ Console

    console.log
      Γ£à User created successfully: test-uid-123

      at Function.log (src/services/firebase/AuthService.ts:38:15)

    console.log
      Γ£à User signed in: test-uid-123

      at Function.log (src/services/firebase/AuthService.ts:61:15)

    console.log
      Γ£à User signed out

      at Function.log (src/services/firebase/AuthService.ts:76:15)

    console.log
      Γ£à Password reset email sent

      at Function.log (src/services/firebase/AuthService.ts:112:15)

  ΓùÅ AuthService ΓÇ║ signUpWithEmail ΓÇ║ should successfully create a new user

    expect(jest.fn()).toHaveBeenCalledWith(...expected)

    Expected: Anything, "test@example.com", "Password123!"
    Received: undefined, "test@example.com", "Password123!"

    Number of calls: 1

    [0m [90m 32 |[39m
     [90m 33 |[39m       
expect(result)[33m.[39mtoEqual(mockUser)[33m;[39m
    [31m[1m>[22m[39m[90m 34 |[39m       
expect(createUserWithEmailAndPassword)[33m.[39mtoHaveBeenCalledWith(
     [90m    |[39m                                              
[31m[1m^[22m[39m
     [90m 35 |[39m         expect[33m.[39manything()[33m,[39m
     [90m 36 |[39m         [32m'test@example.com'[39m[33m,[39m
     [90m 37 |[39m         [32m'Password123!'[39m[0m

      at Object.toHaveBeenCalledWith 
(__tests__/services/firebase/AuthService.test.ts:34:46)
      at asyncGeneratorStep 
(node_modules/@babel/runtime/helpers/asyncToGenerator.js:3:17)
      at _next (node_modules/@babel/runtime/helpers/asyncToGenerator.js:17:9)

  ΓùÅ AuthService ΓÇ║ signInWithEmail ΓÇ║ should successfully sign in existing 
user

    expect(jest.fn()).toHaveBeenCalledWith(...expected)

    Expected: Anything, "test@example.com", "Password123!"
    Received: undefined, "test@example.com", "Password123!"

    Number of calls: 1

    [0m [90m 76 |[39m
     [90m 77 |[39m       
expect(result)[33m.[39mtoEqual(mockUser)[33m;[39m
    [31m[1m>[22m[39m[90m 78 |[39m       
expect(signInWithEmailAndPassword)[33m.[39mtoHaveBeenCalledWith(
     [90m    |[39m                                          
[31m[1m^[22m[39m
     [90m 79 |[39m         expect[33m.[39manything()[33m,[39m
     [90m 80 |[39m         [32m'test@example.com'[39m[33m,[39m
     [90m 81 |[39m         [32m'Password123!'[39m[0m

      at Object.toHaveBeenCalledWith 
(__tests__/services/firebase/AuthService.test.ts:78:42)
      at asyncGeneratorStep 
(node_modules/@babel/runtime/helpers/asyncToGenerator.js:3:17)
      at _next (node_modules/@babel/runtime/helpers/asyncToGenerator.js:17:9)

  ΓùÅ AuthService ΓÇ║ signOut ΓÇ║ should successfully sign out user

    expect(jest.fn()).toHaveBeenCalledWith(...expected)

    Expected: Anything
    Received: undefined

    Number of calls: 1

    [0m [90m 112 |[39m       [36mawait[39m 
[33mAuthService[39m[33m.[39msignOut()[33m;[39m
     [90m 113 |[39m
    [31m[1m>[22m[39m[90m 114 |[39m       expect(signOut)[33m.[39mtoHave
BeenCalledWith(expect[33m.[39manything())[33m;[39m
     [90m     |[39m                       [31m[1m^[22m[39m
     [90m 115 |[39m     })[33m;[39m
     [90m 116 |[39m
     [90m 117 |[39m     it([32m'should throw error if sign out 
fails'[39m[33m,[39m [36masync[39m () [33m=>[39m {[0m

      at Object.toHaveBeenCalledWith 
(__tests__/services/firebase/AuthService.test.ts:114:23)
      at asyncGeneratorStep 
(node_modules/@babel/runtime/helpers/asyncToGenerator.js:3:17)
      at _next (node_modules/@babel/runtime/helpers/asyncToGenerator.js:17:9)

  ΓùÅ AuthService ΓÇ║ resetPassword ΓÇ║ should send password reset email

    expect(jest.fn()).toHaveBeenCalledWith(...expected)

    Expected: Anything, "test@example.com"
    Received: undefined, "test@example.com"

    Number of calls: 1

    [0m [90m 128 |[39m       [36mawait[39m [33mAuthService[39m[33m.[39
mresetPassword([32m'test@example.com'[39m)[33m;[39m
     [90m 129 |[39m
    [31m[1m>[22m[39m[90m 130 |[39m       
expect(sendPasswordResetEmail)[33m.[39mtoHaveBeenCalledWith(
     [90m     |[39m                                      [31m[1m^[22m[39m
     [90m 131 |[39m         expect[33m.[39manything()[33m,[39m
     [90m 132 |[39m         [32m'test@example.com'[39m
     [90m 133 |[39m       )[33m;[39m[0m

      at Object.toHaveBeenCalledWith 
(__tests__/services/firebase/AuthService.test.ts:130:38)
      at asyncGeneratorStep 
(node_modules/@babel/runtime/helpers/asyncToGenerator.js:3:17)
      at _next (node_modules/@babel/runtime/helpers/asyncToGenerator.js:17:9)

FAIL __tests__/store/ChatStore.test.ts
  ΓùÅ ChatStore ΓÇ║ loadUserProfile ΓÇ║ should cache user profile

    expect(received).toEqual(expected) // deep equality

    Expected: {"displayName": "Test User", "email": "test@example.com", "id": 
"user-123", "username": "testuser"}
    Received: null

    [0m [90m 193 |[39m       [36mconst[39m result [33m=[39m 
[36mawait[39m loadUserProfile([32m'user-123'[39m)[33m;[39m
     [90m 194 |[39m
    [31m[1m>[22m[39m[90m 195 |[39m       
expect(result)[33m.[39mtoEqual(mockProfile)[33m;[39m
     [90m     |[39m                      [31m[1m^[22m[39m
     [90m 196 |[39m
     [90m 197 |[39m       [90m// Check cache[39m
     [90m 198 |[39m       [36mconst[39m state [33m=[39m 
useChatStore[33m.[39mgetState()[33m;[39m[0m

      at Object.toEqual (__tests__/store/ChatStore.test.ts:195:22)
      at asyncGeneratorStep 
(node_modules/@babel/runtime/helpers/asyncToGenerator.js:3:17)
      at _next (node_modules/@babel/runtime/helpers/asyncToGenerator.js:17:9)

Test Suites: 4 failed, 4 passed, 8 total
Tests:       9 failed, 81 passed, 90 total
Snapshots:   0 total
Time:        3.057 s
Ran all test suites.
npm verbose cwd C:\Users\murad\Projects\vibe\Gauntlet\MessageAI
npm verbose os Windows_NT 10.0.26100
npm verbose node v22.14.0
npm verbose npm  v11.4.2
npm verbose exit 1
npm verbose code 1
